涓€銆佸崟椤归€夋嫨棰?
甯傚満绾︽潫鏄反濉炲皵鍗忚涓夊ぇ鏀煴锛岃繍浣滄満鍒朵富瑕佷緷闈狅紙锛夐┍鍔ㄣ€?
A. 鐩戠鏈烘瀯
B. 鍒╃泭鐩稿叧鑰?
C. 楂樼骇绠＄悊灞?
D. 椋庨櫓绠＄悊閮ㄩ棬
绛旀锛欱
鍚嶅笀瑙ｆ瀽锛?甯傚満绾︽潫渚濋潬鍒╃泭鐩稿叧鑰咃紙鑲′笢銆佸€烘潈浜恒€佸瓨娆句汉锛夌殑甯傚満鍔涢噺椹卞姩銆?
澶璐骇绾﹀畾搴斿綋锛堬級銆?
A. 閲囩敤涔﹂潰褰㈠紡
B. 杩涜鍏瘉
C. 鏈夌涓変汉瑙佽瘉
D. 閲囩敤鍙ｅご褰㈠紡
绛旀锛欰
鍚嶅笀瑙ｆ瀽锛?澶璐骇绾﹀畾蹇呴』閲囩敤涔﹂潰褰㈠紡銆?
閾惰涓氫粠涓氫汉鍛樿涓虹鐞嗗簲浠ワ紙锛変负鏈€?
A. 绱犺川
B. 鏁堢泭
C. 鑳藉姏
D. 椋庨櫓
绛旀锛欴
鍚嶅笀瑙ｆ瀽锛?琛屼负绠＄悊浠ラ闄╀负鏈紝閲嶇偣闃茶寖鎿嶄綔銆佸悎瑙勩€佸０瑾夐闄┿€?
鍊熸鍚堝悓鍙樻洿鍔犻噸鍊哄姟锛屼繚璇佷汉锛堬級銆?
A. 鎵挎媴鍏ㄩ儴璐ｄ换
B. 瀵瑰姞閲嶉儴鍒嗕笉鎵挎媴璐ｄ换
C. 涓嶆壙鎷呬换浣曡矗浠?
D. 鍏ㄩ儴涓嶆壙鎷?
绛旀锛欱
鍚嶅笀瑙ｆ瀽锛?鏈粡淇濊瘉浜哄悓鎰忓姞閲嶅€哄姟鐨勶紝淇濊瘉浜哄鍔犻噸閮ㄥ垎鍏嶈矗銆?
鎸変繚闄╁疄鏂借寖鍥村垎涓烘櫘閫氫繚闄╀笌锛堬級銆?
A. 鑷効淇濋櫓
B. 寮哄埗淇濋櫓
C. 绀句細淇濋櫓
D. 浜鸿韩淇濋櫓
绛旀锛欳
鍚嶅笀瑙ｆ瀽锛?鎸夊疄鏂借寖鍥达細鏅€氫繚闄┿€佺ぞ浼氫繚闄┿€?
鑲′环涓€瀹氭椂锛屾瘡鑲℃敹鐩婅秺楂橈紝甯傜泩鐜囷紙锛夈€?
A. 瓒婇珮锛岄闄╄秺灏?
B. 瓒婁綆锛岄闄╄秺灏?
C. 瓒婇珮锛岄闄╄秺澶?
D. 瓒婁綆锛岄闄╄秺澶?
绛旀锛欱
鍚嶅笀瑙ｆ瀽锛?甯傜泩鐜?= 鑲′环 / 鏀剁泭锛屾敹鐩婅秺楂橈紝甯傜泩鐜囪秺浣庯紝椋庨櫓瓒婂皬銆?
涓嶅睘浜庤捶娆炬壙璇轰笟鍔＄殑鏄紙锛夈€?
A. 绁ㄦ嵁鍙戣渚垮埄
B. 澶囩敤淇＄敤璇?
C. 瀹㈡埛鎺堜俊棰濆害
D. 椤圭洰璐锋鎵胯
绛旀锛欱
鍚嶅笀瑙ｆ瀽锛?澶囩敤淇＄敤璇佸睘浜庢媴淇濅笟鍔★紝闈炶捶娆炬壙璇恒€?
閾惰鍚戝€熸浜烘彁渚涙寜绾﹀畾杩樻湰浠樻伅鐨勮祫閲戞槸锛堬級銆?
A. 鍚屼笟鎷嗗€?
B. 瀛樻
C. 璐锋
D. 浠ｇ悊
绛旀锛欳
鍚嶅笀瑙ｆ瀽锛?璐锋鏄摱琛屽悜鍊熸浜烘彁渚涚殑杩樻湰浠樻伅璧勯噾銆?
甯傚満椋庨櫓琛ㄨ堪姝ｇ‘鐨勬槸锛堬級銆?
A. 姹囩巼椋庨櫓涓嶅惈榛勯噾
B. 鍟嗗搧椋庨櫓涓嶅惈榛勯噾
C. 閾惰涓昏鍋氳偂绁ㄦ姇璧?
D. 鍟嗗搧鍚啘浜у搧銆佺煶娌广€侀噾灞炪€侀粍閲?
绛旀锛欴
鍚嶅笀瑙ｆ瀽锛?鍟嗗搧浠锋牸椋庨櫓鍖呭惈鍐滀骇鍝併€佺煶娌广€侀噾灞炪€侀粍閲戙€?
浜掓崲銆佹湡璐х瓑閬块櫓浜ゆ槗灞炰簬锛堬級銆?
A. 椋庨櫓杞Щ
B. 椋庨櫓瀵瑰啿
C. 椋庨櫓瑙勯伩
D. 椋庨櫓鍒嗘暎
绛旀锛欰
鍚嶅笀瑙ｆ瀽锛?閫氳繃琛嶇敓鍝佸皢椋庨櫓杞Щ缁欑涓夋柟灞炰簬椋庨櫓杞Щ銆?
浠ｈ〃鑲′唤銆佷韩鏈夎偂鍒╃殑鏄紙锛夈€?
A. 鍊哄埜
B. 浼佷笟鍊?
C. 澶ч瀛樺崟
D. 鑲＄エ
绛旀锛欴
鍚嶅笀瑙ｆ瀽锛?鑲＄エ浠ｈ〃鑲℃潈涓庡垎绾㈡潈銆?
鍊哄姟浜烘棤娉曞饱绾︿笖璧勪骇宸插噺鍊硷紝鑷冲皯褰掍负锛堬級銆?
A. 鍙枒绫?
B. 鍏虫敞绫?
C. 娆＄骇绫?
D. 鎹熷け绫?
绛旀锛欳
鍚嶅笀瑙ｆ瀽锛?鏃犳硶姝ｅ父灞ョ害 + 淇＄敤鍑忓€尖啋娆＄骇绫汇€?
钖叕寤舵湡杩界储銆佹墸鍥烇紙锛夌鑱屼汉鍛樸€?
A. 閫傜敤
B. 涓嶉€傜敤
C. 瑙嗘儏鍐?
D. 绂昏亴婊?1 骞翠笉閫傜敤
绛旀锛欰
鍚嶅笀瑙ｆ瀽锛?缁╂晥钖叕寤舵湡杩界储銆佹墸鍥為€傜敤浜庣鑱屼汉鍛樸€?
淇℃墭涓棤姘戜簨琛屼负鑳藉姏浜哄彲鎷呬换锛堬級銆?
A. 濮旀墭浜?
B. 鍙楃泭浜?
C. 鍙楁墭浜?
D. 浠ｇ悊浜?
绛旀锛欱
鍚嶅笀瑙ｆ瀽锛?鍙楃泭浜轰笉瑕佹眰姘戜簨琛屼负鑳藉姏銆?
淇＄敤椋庨櫓鍒嗙被閿欒鐨勬槸锛堬級銆?
A. 缁撶畻鍓?/ 缁撶畻鍚?
B. 绯荤粺鎬?/ 闈炵郴缁熸€?
C. 闆跺敭 / 闈為浂鍞?
D. 鑲℃潈 / 鍏朵粬
绛旀锛欰
鍚嶅笀瑙ｆ瀽锛?鎸夐闄╁彂鐢熷舰寮忓垎涓轰氦鍓插墠 / 浜ゅ壊鏃堕闄┿€?
杩濆弽蹇犱簬鑱屽畧鐨勬槸锛堬級銆?
A. 閬靛畧瑙勭珷
B. 淇濇姢鍟嗕笟绉樺瘑
C. 缁存姢鏈烘瀯褰㈣薄
D. 娉勯湶涓撴湁鎶€鏈粰鍚屼笟
绛旀锛欴
鍚嶅笀瑙ｆ瀽锛?娉勯湶涓撴湁鎶€鏈繚鍙嶄繚瀵嗕笌蹇犱簬鑱屽畧涔夊姟銆?
鏀跨瓥鎬ч摱琛岃亴鑳戒笉鍖呮嫭锛堬級銆?
A. 鍚告敹瀛樻
B. 琛ュ厖鎬ц亴鑳?
C. 缁忔祹璋冩帶
D. 閲戣瀺鏈嶅姟
绛旀锛欰
鍚嶅笀瑙ｆ瀽锛?鏀跨瓥鎬ч摱琛屼竴鑸笉闈㈠悜鍏紬鍚告敹瀛樻銆?
涓嶅睘浜庡競鍦洪闄╅檺棰濈殑鏄紙锛夈€?
A. 瀹㈡埛闄愰
B. 姝㈡崯闄愰
C. 浜ゆ槗闄愰
D. 椋庨櫓闄愰
绛旀锛欰
鍚嶅笀瑙ｆ瀽锛?甯傚満椋庨櫓闄愰锛氫氦鏄撱€侀闄┿€佹鎹燂紱瀹㈡埛闄愰灞炰俊鐢ㄩ闄┿€?
杩濆弽淇℃伅淇濆瘑鐨勬槸锛堬級銆?
A. 渚濇硶鎻愪緵璐︽埛淇℃伅
B. 鍚戝弽娲楅挶鎻愪緵鏉愭枡
C. 鎵撳惉鍚屼簨瀹㈡埛淇℃伅
D. 閰嶅悎鏈夋潈鏈哄叧鏌ヨ
绛旀锛欳
鍚嶅笀瑙ｆ瀽锛?鎵撳惉鏃犲叧瀹㈡埛淇℃伅杩濆弽淇濆瘑鍘熷垯銆?
瀛樻鍚堝悓璁㈢珛缁忚繃瑕佺害涓庯紙锛夈€?
A. 鐧昏
B. 鎵胯
C. 鎵ц
D. 鍗忓晢
绛旀锛欱
鍚嶅笀瑙ｆ瀽锛?鍚堝悓璁㈢珛蹇呯粡瑕佺害銆佹壙璇轰袱闃舵銆?
涓嶅睘浜庝唬鐞嗛摱琛屼笟鍔＄殑鏄紙锛夈€?
A. 浠ｇ悊澶涓氬姟
B. 浠ｇ悊鏀跨瓥琛?
C. 浠ｇ悊淇濋櫓
D. 浠ｇ悊鍟嗚
绛旀锛欳
鍚嶅笀瑙ｆ瀽锛?浠ｇ悊閾惰涓氬姟涓嶅惈浠ｇ悊淇濋櫓銆?
鏈浗鍒╃巼楂樹簬澶栧浗浼氬紩璧凤紙锛夈€?
A. 澶栨眹闇€姹傚澶?
B. 鏈竵闇€姹傚澶?
C. 鏈竵璐€?
D. 璧勬湰娴佸嚭
绛旀锛欱
鍚嶅笀瑙ｆ瀽锛?鍒╃巼鍗囬珮鈫掕祫鏈祦鍏モ啋鏈竵闇€姹備笂鍗囥€?
鍏徃缁忚惀鍐崇瓥鏈烘瀯鏄紙锛夈€?
A. 缁忕悊
B. 鑲′笢浼?
C. 鐩戜簨浼?
D. 钁ｄ簨浼?
绛旀锛欴
鍚嶅笀瑙ｆ瀽锛?钁ｄ簨浼氭槸缁忚惀鍐崇瓥鏈烘瀯銆?
钁ｄ簨浼氬喅璁竴鑸簨椤圭粡锛堬級閫氳繃銆?
A. 鍗婃暟
B. 涓夊垎涔嬩簩
C. 涓夊垎涔嬩竴
D. 鍏ㄤ綋
绛旀锛欰
鍚嶅笀瑙ｆ瀽锛?鏅€氬喅璁繃鍗婏紝鐗瑰埆鍐宠 2/3 浠ヤ笂銆?
鍐荤粨鍗曚綅瀛樻鍋氭硶姝ｇ‘鐨勬槸锛堬級銆?
A. 鏈€闀挎椂闂寸敱鏈哄叧鍐冲畾
B. 鍐荤粨鏈熼棿涓嶅緱鏀彇
C. 鍙棤鏈熼檺鍐荤粨
D. 鍐荤粨涓嶈鎭?
绛旀锛欱
鍚嶅笀瑙ｆ瀽锛?鍐荤粨鏈熼棿涓嶅緱鏀彇锛涙渶闀?6 涓湀銆?
澶氬ご鐩戠涓嶅寘鎷紙锛夈€?
A. 淇濋櫓
B. 閾惰
C. 璇佸埜
D. 鍩洪噾
绛旀锛欴
鍚嶅笀瑙ｆ瀽锛?澶氬ご鐩戠鍒嗛摱琛屻€佽瘉鍒搞€佷繚闄╀笁澶у潡銆?
鍏锋湁娉曚汉璧勬牸鐨勬槸锛堬級銆?
A. 涓綋宸ュ晢鎴?
B. 钁ｄ簨浼?
C. 鍏徃
D. 璐㈠姟閮?
绛旀锛欳
鍚嶅笀瑙ｆ瀽锛?鍏徃鏄硶浜轰富浣撱€?
璐锋鍒╃巼琛ㄨ堪姝ｇ‘鐨勬槸锛堬級銆?
A. 涓嶅緱涓嬫诞
B. 鍙兘鎸夊熀鍑嗗埄鐜?
C. 涓婇檺宸叉斁寮€
D. 鍙兘涓婃诞 10%
绛旀锛欳
鍚嶅笀瑙ｆ瀽锛?璐锋鍒╃巼涓婇檺宸插畬鍏ㄦ斁寮€銆?
闄勫甫姘戜簨璇夎瑙ｅ喅锛堬級銆?
A. 鐗╄川鎹熷け璧斿伩
B. 閲忓垜
C. 闄勫姞鍒?
D. 瀹氱姜
绛旀锛欰
鍚嶅笀瑙ｆ瀽锛?闄勫甫姘戜簨璇夎鍙В鍐崇墿璐ㄦ崯澶辫禂鍋裤€?
鐩戠鏈烘瀯瀵归珮绠″彲閲囧彇鎺柦鏄紙锛夈€?
A. 鐩存帴鎾ゆ崲
B. 澶勭疆璧勪骇
C. 鐩存帴澶勫垎
D. 璐ｄ护鏈烘瀯澶勫垎
绛旀锛欴
鍚嶅笀瑙ｆ瀽锛?鐩戠鍙矗浠ゆ満鏋勫楂樼澶勫垎銆?
浠呴檮閲戣瀺鍗曟嵁鐨勬墭鏀舵槸锛堬級銆?
A. 鍑哄彛鎵樻敹
B. 鍏夌エ鎵樻敹
C. 杩涘彛鎵樻敹
D. 璺熷崟鎵樻敹
绛旀锛欱
鍚嶅笀瑙ｆ瀽锛?鍏夌エ鎵樻敹浠呴檮閲戣瀺鍗曟嵁锛屼笉闄勫晢涓氬崟鎹€?
涓嶅睘浜庡浗闄呴摱琛屾硶寰嬬粍缁囩殑鏄紙锛夈€?
A. 棣欐腐閾惰鍏細
B. 缇庡浗閾惰瀹跺崗浼?
C. 鍥介檯娓呯畻閾惰
D. 缇庤仈鍌?
绛旀锛欴
鍚嶅笀瑙ｆ瀽锛?缇庤仈鍌ㄦ槸澶锛岄潪琛屼笟鑷緥缁勭粐銆?
鍙嶆槧璐告槗涓庡姵鍔＄殑鍥介檯鏀舵敮璐︽埛鏄紙锛夈€?
A. 璧勬湰璐︽埛
B. 缁忓父璐︽埛
C. 鍑哄彛椤圭洰
D. 鍔冲姟鏀舵敮
绛旀锛欱
鍚嶅笀瑙ｆ瀽锛?缁忓父璐︽埛鍙嶆槧璐告槗銆佸姵鍔°€佹敹鐩娿€佺粡甯歌浆绉汇€?
鍥藉椋庨櫓姝ｇ‘鐨勬槸锛堬級銆?
A. 鍊烘潈浜哄彲鎺у埗
B. 鍚屼竴鍥藉唴鏃犲浗瀹堕闄?
C. 鐢卞€烘潈浜哄浗瀹跺紩璧?
D. 涓汉涓嶆壙鍙?
绛旀锛欱
鍚嶅笀瑙ｆ瀽锛?鍥藉椋庨櫓鍙戠敓鍦ㄨ法鍥芥椿鍔ㄤ腑锛屼竴鍥藉唴涓嶅瓨鍦ㄣ€?
琛屾斂澶嶈閿欒鐨勬槸锛堬級銆?
A. 涓嶆湇鍙瘔鑷虫硶闄?
B. 涓嶆湇鍙敵璇峰浗鍔￠櫌瑁佸喅
C. 鍙敵璇峰璁?
D. 鍙噸澶嶅璁?
绛旀锛欴
鍚嶅笀瑙ｆ瀽锛?琛屾斂澶嶈涓轰竴绾у璁紝涓嶅彲閲嶅鐢宠銆?
鑷劧浜哄悎鏍兼姇璧勮€咃細瀹跺涵鍑€璧勶紙锛夈€侀噾铻嶈祫浜э紙锛夈€佸勾鏀跺叆锛堬級銆?
A.400/500/50
B.300/500/40
C.300/400/50
D.400/500/40
绛旀锛欱
鍚嶅笀瑙ｆ瀽锛?瀹跺涵閲戣瀺鍑€璧勪骇鈮?00 涓囷紱閲戣瀺璧勪骇鈮?00 涓囷紱骞存敹鍏モ墺40 涓囥€?
涓嶅睘浜庡悎瑙勯闄╃洿鎺ュ悗鏋滅殑鏄紙锛夈€?
A. 澹拌獕鎹熷け
B. 璐㈠姟鎹熷け
C. 鐩堝埄鍑忓急
D. 鐩戠澶勭綒
绛旀锛欳
鍚嶅笀瑙ｆ瀽锛?鍚堣椋庨櫓鐩存帴鍚庢灉锛氬缃氥€佽储鍔℃崯澶便€佸０瑾夋崯澶便€?
鎴戝浗璐у竵甯傚満鍖呮嫭锛堬級銆?
A. 鑲＄エ + 鍊哄埜鍥炶喘
B. 鍚屼笟鎷嗗€?+ 鍥炶喘 + 绁ㄦ嵁
C. 鑲＄エ + 澶栨眹 + 绁ㄦ嵁
D. 闀挎湡鍊哄埜 + 鑲＄エ
绛旀锛欱
鍚嶅笀瑙ｆ瀽锛?璐у竵甯傚満 = 鍚屼笟鎷嗗€熴€佸洖璐€佺エ鎹€佸ぇ棰濆瓨鍗曘€?
鎺ョ浠庯紙锛夎捣锛屾渶闀匡紙锛夈€?
A. 鍐冲畾瀹炴柦涔嬫棩锛? 骞?
B. 姝ｅ紡鎺ョ锛? 骞?
C. 婊?1 鍛紱1 骞?
D. 婊?3 澶╋紱3 骞?
绛旀锛欰
鍚嶅笀瑙ｆ瀽锛?鎺ョ鑷喅瀹氬疄鏂戒箣鏃ヨ捣绠楋紝鏈€闀夸笉瓒?2 骞淬€?
绁ㄦ嵁鍙戣渚垮埄灞炰簬锛堬級鍒涙柊銆?
A. 鑲℃潈鍒涢€犲瀷
B. 椋庨櫓杞Щ鍨?
C. 娴佸姩鎬у寮哄瀷
D. 淇＄敤鍒涢€犲瀷
绛旀锛欴
鍚嶅笀瑙ｆ瀽锛?绁ㄦ嵁鍙戣渚垮埄鎻愪緵寰幆铻嶈祫锛屽睘淇＄敤鍒涢€犲瀷銆?
閲戣瀺绯荤粺鏍稿績鍔熻兘涓嶅寘鎷紙锛夈€?
A. 杞Щ璧勬簮
B. 绠＄悊椋庨櫓
C. 娓呯畻鏀粯
D. 鎻愪緵鍟嗗搧娓犻亾
绛旀锛欴
鍚嶅笀瑙ｆ瀽锛?閲戣瀺涓嶆彁渚涘晢鍝佹祦閫氭笭閬撱€?
涓哄叕鍙稿鎴锋彁渚涜处鎴枫€佺粨绠椼€佽捶娆剧瓑鏄紙锛夈€?
A. 闆跺敭涓氬姟
B. 璐㈠瘜绠＄悊
C. 鍟嗕笟閾惰涓氬姟
D. 閲戣瀺甯傚満涓氬姟
绛旀锛欳
鍚嶅笀瑙ｆ瀽锛?瀵瑰叕甯歌鏈嶅姟灞炰簬鍟嗕笟閾惰涓氬姟銆?
绁ㄦ嵁鐗瑰緛閿欒鐨勬槸锛堬級銆?
A. 鎸佺エ浜洪』璇佹槑鍙栧緱鍘熷洜
B. 鏂囦箟鎬?
C. 鏃犲洜鎬?
D. 娴侀€氭€?
绛旀锛欰
鍚嶅笀瑙ｆ瀽锛?绁ㄦ嵁鏃犲洜鎬э紝鏃犻』璇佹槑鍙栧緱鍘熷洜銆?
绁ㄦ嵁鏉冨埄鏃舵晥锛氬鍑虹エ浜?/ 鎵垮厬浜烘潈鍒╀负锛堬級銆?
A. 鍒版湡鏃ヨ捣 2 骞?
B. 鍑虹エ鏃ヨ捣 1 骞?
C. 鍒版湡鏃ヨ捣 1 骞?
D. 鍑虹エ鏃ヨ捣 6 涓湀
绛旀锛欰
鍚嶅笀瑙ｆ瀽锛?姹囩エ鎸佺エ浜哄鍑虹エ浜恒€佹壙鍏戜汉鏉冨埄锛屽埌鏈熸棩璧?2 骞淬€?
鐮翠骇妗堜欢鐢憋紙锛夋硶闄㈢杈栥€?
A. 鍊哄姟浜轰綇鎵€鍦?
B. 鍊烘潈浜轰綇鎵€鍦?
C. 绠＄悊浜轰綇鎵€鍦?
D. 璐骇鎵€鍦ㄥ湴
绛旀锛欰
鍚嶅笀瑙ｆ瀽锛?鐮翠骇妗堜欢鐢卞€哄姟浜轰綇鎵€鍦颁汉姘戞硶闄㈢杈栥€?
绗﹀悎鏉′欢鐨勪紭鍏堣偂灞炰簬锛堬級銆?
A. 璧勬湰鎵ｉ櫎椤?
B. 鍏朵粬涓€绾ц祫鏈?
C. 浜岀骇璧勬湰
D. 鏍稿績涓€绾ц祫鏈?
绛旀锛欱
鍚嶅笀瑙ｆ瀽锛?浼樺厛鑲″睘浜庡叾浠栦竴绾ц祫鏈€?
缂哄彛绠＄悊閿欒鐨勬槸锛堬級銆?
A. 鏍规嵁鍒╃巼璧板娍璋冩暣缂哄彛
B. 鍙拡瀵规诞鍔ㄥ埄鐜?
C. 棰勬湡鍗囨伅鍒欐墿澶ф缂哄彛
D. 鏄埄鐜囬闄╃鐞嗗伐鍏?
绛旀锛欱
鍚嶅笀瑙ｆ瀽锛?缂哄彛绠＄悊鍚屾椂閫傜敤浜庡浐瀹氫笌娴姩鍒╃巼銆?
鍐呴儴瀹¤澶栧寘閿欒鐨勬槸锛堬級銆?
A. 鍙叏閮ㄥ鍖?
B. 鍙壒瀹氬鍖?
C. 涓嶅緱澶栧寘缁欏悓琛?
D. 涓嶅緱澶栧寘缁欐浘鎻愪緵鍜ㄨ鏂?
绛旀锛欰
鍚嶅笀瑙ｆ瀽锛?鍐呴儴瀹¤涓嶅緱鍏ㄩ儴澶栧寘銆?
鍟嗚鍒嗘敮鏈烘瀯姝ｇ‘鐨勬槸锛堬級銆?
A. 娉曚汉璧勬牸锛岃嚜鎷呰矗浠?
B. 鏃犺祫鏍硷紝鏃犳墽鐓?
C. 鏈夎祫鏍硷紝鎬昏鎷呰矗
D. 鏃犳硶浜鸿祫鏍硷紝鏈夋墽鐓э紝鎬昏鎷呰矗
绛旀锛欴
鍚嶅笀瑙ｆ瀽锛?鍒嗘敮鏈烘瀯鏃犳硶浜鸿祫鏍硷紝鏈夎惀涓氭墽鐓э紝姘戜簨璐ｄ换鐢辨€昏鎵挎媴銆?
椋庨櫓璇嗗埆鍖呮嫭锛堬級鍜岋紙锛夈€?
A. 鐩戞祴 / 鎺у埗
B. 鎰熺煡 / 鍒嗘瀽
C. 鍒嗘瀽 / 鎺у埗
D. 鎺у埗 / 鎰熺煡
绛旀锛欱
鍚嶅笀瑙ｆ瀽锛?椋庨櫓璇嗗埆 = 鎰熺煡椋庨櫓 + 鍒嗘瀽椋庨櫓銆?
灏侀棴寮?/ 绉佸嫙鐞嗚储鏉犳潌涓婇檺锛堬級銆?
A.100%
B.120%
C.200%
D.140%
绛旀锛欳
鍚嶅笀瑙ｆ瀽锛?灏侀棴寮忋€佺鍕熺悊璐㈡潬鏉嗏墹200%銆?
缁忔祹涓嶆櫙姘旀椂璐锋涓昏闈复锛堬級銆?
A. 鏀跨瓥椋庨櫓
B. 澹拌獕椋庨櫓
C. 甯傚満椋庨櫓
D. 淇＄敤椋庨櫓
绛旀锛欴
鍚嶅笀瑙ｆ瀽锛?缁忔祹涓嬭瀵艰嚧杩濈害涓婂崌锛屽睘浜庝俊鐢ㄩ闄┿€?
璇夎鏃舵晥浠庯紙锛夎捣绠椼€?
A. 璧疯瘔
B. 鐭ラ亾鎴栧簲褰撶煡閬撴潈鍒╄渚靛
C. 渚靛鍙戠敓
D. 涓诲紶鏉冨埄
绛旀锛欱
鍚嶅笀瑙ｆ瀽锛?璇夎鏃舵晥鑷煡閬撴垨搴斿綋鐭ラ亾鏉冨埄鍙椾镜瀹冲強涔夊姟浜鸿捣绠椼€?
涓嶈兘鎻愰珮璧勬湰鍏呰冻鐜囩殑鏄紙锛夈€?
A. 澧炰簩绾ц祫鏈?
B. 鏂拌鍒嗘敮鏈烘瀯
C. 闄嶉闄╁姞鏉冭祫浜?
D. 杞璐锋
绛旀锛欱
鍚嶅笀瑙ｆ瀽锛?鏂拌鍒嗘敮鏈烘瀯涓嶆敼鍙樿祫鏈厖瓒崇巼銆?
缁忔祹锛堬級闃舵閾惰鍒╂鼎鏈€楂樸€?
A. 绻佽崳
B. 琛伴€€
C. 澶嶈嫃
D. 钀ф潯
绛旀锛欰
鍚嶅笀瑙ｆ瀽锛?绻佽崳鏈熶紒涓氱粡钀ュソ锛岃祫浜ц川閲忎紭锛屽埄娑︽渶楂樸€?
閫氳揣绱х缉鍘熷洜鏄紙锛夈€?
A. 澶栬祫娴佸叆澧炲姞
B. 渚涢渶涓嶅悎鐞嗭紝鏃犳晥渚涚粰澶?
C. 璐у竵渚涚粰杩囧
D. 鏈夋晥闇€姹傝繃澶?
绛旀锛欱
鍚嶅笀瑙ｆ瀽锛?渚涢渶缁撴瀯澶辫　銆佹棤鏁堜緵缁欒繃鍓╂槸閫氱缉鍘熷洜涔嬩竴銆?
鍚屼笟鎷嗗€熻〃杩伴敊璇殑鏄紙锛夈€?
A. 鎷嗗叆 / 鎷嗗嚭
B. 閫氳繃鍏ㄥ浗閾惰闂村€哄埜甯傚満
C. 鍒╃巼闅忎緵姹傚彉鍖?
D. 閲戣瀺鏈烘瀯鐭湡鍊熻捶
绛旀锛欱
鍚嶅笀瑙ｆ瀽锛?鍚屼笟鎷嗗€熼€氳繃鍚屼笟鎷嗗€熷競鍦猴紝涓嶆槸鍊哄埜甯傚満銆?
涓汉涓嶈兘鏋勬垚鐨勭姱缃槸锛堬級銆?
A. 杩濇硶鍙戞斁璐锋
B. 杩濊鍑哄叿绁ㄨ瘉
C. 鍚告敹璧勯噾涓嶅叆璐?
D. 鑳屼俊杩愮敤鍙楁墭璐骇
绛旀锛欴
鍚嶅笀瑙ｆ瀽锛?鑳屼俊杩愮敤鍙楁墭璐骇缃富浣撴槸鏈烘瀯銆?
娲绘湡瀛樻鍒╂伅璁＄畻姝ｇ‘鐨勬槸锛堬級銆?
A. 绠楄嚦鍒嗕綅
B. 鎸夋湀缁撴伅
C.100 鍏冭捣瀛?
D. 鏈噾璁¤嚦鍒?
绛旀锛欰
鍚嶅笀瑙ｆ瀽锛?鍒╂伅绠楄嚦鍒嗕綅锛涙寜瀛ｇ粨鎭紱1 鍏冭捣瀛橈紱鏈噾璁¤嚦鍏冦€?
涓嶅睘浜庡啘鏉戜腑灏忛噾铻嶆満鏋勭殑鏄紙锛夈€?
A. 鍐滀俊绀?
B. 鏉戦晣閾惰
C. 鍐滀笟閾惰
D. 鍐滄潙鍚堜綔閾惰
绛旀锛欳
鍚嶅笀瑙ｆ瀽锛?鍐滀笟閾惰鏄叏鍥芥€уぇ鍨嬪晢琛屻€?
鏃犳晥鍚堝悓鏁堝姏锛堬級銆?
A. 鑷櫥璁版棤鏁?
B. 鑷饱琛屾棤鏁?
C. 鑷‘璁ゆ棤鏁?
D. 鑷绔嬫棤鏁?
绛旀锛欴
鍚嶅笀瑙ｆ瀽锛?鏃犳晥鍚堝悓鑷鏃犳晥銆?
鍚告敹璧勯噾涓嶅叆璐︾敤浜庢斁璐锋瀯鎴愶紙锛夈€?
A. 杩濇硶鏀捐捶
B. 楂樺埄杞捶
C. 鍚告敹瀹㈡埛璧勯噾涓嶅叆璐?
D. 闈炴硶鍚稿瓨
绛旀锛欳
鍚嶅笀瑙ｆ瀽锛?鍚告敹瀹㈡埛璧勯噾涓嶅叆璐﹀苟鑷敤鏋勬垚璇ョ姜銆?
閾惰涔板叆澶栧竵姹囩エ浣跨敤锛堬級銆?
A. 鐜版眹鍗栧嚭浠?
B. 鐜伴挒涔板叆浠?
C. 鐜版眹涔板叆浠?
D. 鐜伴挒鍗栧嚭浠?
绛旀锛欳
鍚嶅笀瑙ｆ瀽锛?涔板叆澶栨眹绁ㄦ嵁鐢ㄧ幇姹囦拱鍏ヤ环銆?
鍟嗚澧冨唴鍙粠浜嬶紙锛夈€?
A. 鍚屼笟鎷嗗€?
B. 鍚戦潪閲戞姇璧?
C. 璐疆闈炶嚜鐢ㄤ笉鍔ㄤ骇
D. 淇℃墭 / 鑲＄エ
绛旀锛欰
鍚嶅笀瑙ｆ瀽锛?鍟嗚澧冨唴鍙仛鍚屼笟鎷嗗€燂紝绂佹鍏朵粬涓夐」銆?
淇＄敤鍗¤〃杩伴敊璇殑鏄紙锛夈€?
A. 鍏堢敤鍚庤繕
B. 瀛樺灏戠敤澶氬皯
C. 寰幆淇＄敤
D. 鏂逛究鎼哄甫
绛旀锛欱
鍚嶅笀瑙ｆ瀽锛?淇＄敤鍗℃槸閫忔敮娑堣垂锛屼笉鏄厛瀛樺悗鐢ㄣ€?
鍗曚綅涓嶈兘鏋勬垚鐨勭姱缃槸锛堬級銆?
A. 淇＄敤鍗¤瘓楠?
B. 闆嗚祫璇堥獥
C. 淇＄敤璇佽瘓楠?
D. 浼€犵エ璇?
绛旀锛欰
鍚嶅笀瑙ｆ瀽锛?淇＄敤鍗¤瘓楠楃姜浠呴檺鑷劧浜恒€?
绠€鏄撶▼搴忓綋鍦虹綒娆鹃檺棰濓紙锛夈€?
A.50 鍏?
B.100 鍏?
C.200 鍏?
D.500 鍏?
绛旀锛欳
鍚嶅笀瑙ｆ瀽锛?褰撳満澶勭綒缃氭闄愰200 鍏冦€?
鑲′唤鍏徃鍕熼泦璁剧珛搴斿悜鐧昏鏈哄叧鎻愪氦锛堬級鏂囦欢銆?
A. 璇佺洃浼氭壒鍑?
B. 鑲′笢澶т細鍐宠
C. 鍏徃绔犵▼
D. 楠岃祫鎶ュ憡
绛旀锛欰
鍚嶅笀瑙ｆ瀽锛?鍕熼泦璁剧珛闇€鎻愪氦璇佺洃浼氭牳鍑嗘枃浠躲€?
閾跺洟涓礋璐ｆ棩甯哥鐞嗐€佸垝娆剧殑鏄紙锛夈€?
A. 濮旀墭琛?
B. 浠ｇ悊琛?
C. 鍙傚姞琛?
D. 鐗靛ご琛?
绛旀锛欱
鍚嶅笀瑙ｆ瀽锛?浠ｇ悊琛岃礋璐ｈ捶鍚庣鐞嗐€佹斁娆俱€佹敹娆俱€?
鍙戠幇鏈烘瀯杩濊搴旓紙锛夈€?
A. 瑙嗕负姝ｅ父
B. 涓嶇悊浼?
C. 鍙備笌
D. 鍚戞満鏋勬垨鐩戠涓炬姤
绛旀锛欴
鍚嶅笀瑙ｆ瀽锛?搴斾妇鎶ヨ繚瑙勮涓恒€?
瀹㈡埛缁忕悊姝ｇ‘琛屼负鏄紙锛夈€?
A. 鏀惰储鐗╁姙浜?
B. 甯﹁祫鏂欏洖瀹?
C. 鎷掔粷閫忛湶绉佷汉瀛樻
D. 涓嶅姖闃诲彈璐?
绛旀锛欳
鍚嶅笀瑙ｆ瀽锛?淇濇姢瀹㈡埛闅愮锛屾嫆缁濋€忛湶涓汉璐︽埛淇℃伅銆?
鍚堝悓涓姞閲嶆秷璐硅€呰矗浠绘潯娆句镜鐘紙锛夈€?
A. 瀹夊叏鏉?
B. 闅愮鏉?
C. 鍏钩浜ゆ槗鏉?
D. 鍙楀皧閲嶆潈
绛旀锛欳
鍚嶅笀瑙ｆ瀽锛?涓嶅叕骞虫牸寮忔潯娆句镜鐘叕骞充氦鏄撴潈銆?
閾惰淇濈璐ㄦ娂璐骇涓嶅綋閫犳垚鎹熷け锛堬級銆?
A. 涓嶈禂
B. 灏藉揩杩旇繕
C. 鐝犲疂涓嶈兘璐ㄦ娂
D. 搴斿綋璧斿伩
绛旀锛欴
鍚嶅笀瑙ｆ瀽锛?璐ㄦ潈浜轰繚绠′笉鍠勫簲鎵挎媴璧斿伩璐ｄ换銆?
鏈夋潈涓炬姤娲楅挶鐨勬槸锛堬級銆?
A. 浠呴檺閲戣瀺鏈烘瀯
B. 浠讳綍鍗曚綅鍜屼釜浜?
C. 浠呴檺宸ヤ綔浜哄憳
D. 浠呴檺閾惰
绛旀锛欱
鍚嶅笀瑙ｆ瀽锛?浠讳綍鍗曚綅鍜屼釜浜哄潎鏈夋潈涓炬姤娲楅挶銆?
涓嶅睘浜庡ぎ琛岃亴璐ｇ殑鏄紙锛夈€?
A. 骞惰〃鐩戠閾惰
B. 鍙戣浜烘皯甯?
C. 澶栨眹绠＄悊
D. 鍒跺畾璐у竵鏀跨瓥
绛旀锛欰
鍚嶅笀瑙ｆ瀽锛?骞惰〃鐩戠鏄噾铻嶇洃绠￠儴闂ㄨ亴璐ｃ€?
閲戣瀺宸ヤ綔姘告亽涓婚鏄紙锛夈€?
A. 閲戣瀺寮哄浗
B. 闃茶寖鍖栬В閲戣瀺椋庨櫓
C. 閲戣瀺鍒涙柊
D. 鏈嶅姟瀹炰綋
绛旀锛欱
鍚嶅笀瑙ｆ瀽锛?闃茶寖鍖栬В閲戣瀺椋庨櫓鏄噾铻嶅伐浣滄案鎭掍富棰樸€?
鏈€鍚庤捶娆句汉鐩爣鏄紙锛夈€?
A. 鎻愰珮瑕嗙洊鐜?
B. 闃查泦涓害杩囬珮
C. 闄嶄綆鎴愭湰
D. 闃茶寖绯荤粺鎬ч闄?
绛旀锛欴
鍚嶅笀瑙ｆ瀽锛?鏈€鍚庤捶娆句汉鐢ㄤ簬闃茶寖绯荤粺鎬ч噾铻嶉闄┿€?
浜屻€佸椤归€夋嫨棰?
鍐呴儴瀹¤璇存硶閿欒鐨勬湁锛堬級銆?
A. 钁ｄ簨浼氳瀹¤濮斿憳浼?
B. 钁ｄ簨浼氱洃鐫ｅ璁?
C. 楂樼鎵瑰噯瀹¤绔犵▼
D. 閰嶈冻瀹¤浜哄憳
E. 鍚戦珮绠℃眹鎶?
绛旀锛欱CE
鍚嶅笀瑙ｆ瀽锛?瀹¤绔犵▼鐢辫懀浜嬩細鎵瑰噯锛涘悜钁ｄ簨浼氭眹鎶ャ€?
琛屾斂璁稿彲鐢宠浜烘潈鍒╂湁锛堬級銆?
A. 璧斿伩鏉?
B. 鍚瘉鏉?
C. 澶嶈璇夎鏉?
D. 闄堣堪鐢宠京鏉?
E. 鍏钩鏉?
绛旀锛欰BCDE
鍚嶅笀瑙ｆ瀽锛?鐢宠浜轰韩鏈夐檲杩般€佺敵杈┿€佸惉璇併€佸璁€佽瘔璁笺€佽禂鍋挎潈銆?
椋庨櫓鐩戠鏍稿績鏄兘锛堬級銆?
A. 璇嗗埆
B. 棰勮
C. 澶勭疆
D. 娑堢伃
E. 鐩戞祴
绛旀锛欰BCE
鍚嶅笀瑙ｆ瀽锛?椋庨櫓鍙槻鍙帶涓嶅彲娑堢伃銆?
鍚堝悓瑙ｉ櫎姝ｇ‘鐨勬湁锛堬級銆?
A. 鏈饱琛岀粓姝㈠饱琛?
B. 涓嶅奖鍝嶇储璧?
C. 宸插饱琛屽彲鎭㈠鍘熺姸
D. 鍒嗗崗璁€佺害瀹氥€佹硶瀹?
E. 涓诲紶瑙ｉ櫎搴旈€氱煡
绛旀锛欰BCDE
鍚嶅笀瑙ｆ瀽锛?鍚堝悓瑙ｉ櫎瑙勫垯鍏ㄨ鐩栥€?
鍒╃巼甯傚満鍖栨満鍒跺寘鎷紙锛夈€?
A. 鍩哄噯鍒╃巼浣撶郴
B. 澶鏀跨瓥鍒╃巼璋冩帶
C. 瀹氫环鑳藉姏
D. 椋庨櫓绠＄悊鑳藉姏
E. 灞呮皯鎵垮彈鍔?
绛旀锛欱CDE
鍚嶅笀瑙ｆ瀽锛?鏈哄埗鍚熀鍑嗕綋绯汇€佽皟鎺с€佸畾浠枫€侀闄╃鐞嗐€?
璇存硶閿欒鐨勬湁锛堬級銆?
A. 涓嶈壇鐜囪瘎浠蜂俊璐峰畨鍏?
B. 涓嶈壇鐜?= 涓嶈壇 / 鍑€璧勪骇
C. 鎷ㄥ瑕嗙洊鐜?= 鎷ㄥ / 涓嶈壇
D. 浜哄潎鍑€鍒╂鼎 = 鍛樺伐鏁?/ 鏀跺叆
E. 钀ヤ笟鍑€鏀跺叆 = 钀ユ敹 - 璐圭敤
绛旀锛欱D
鍚嶅笀瑙ｆ瀽锛?涓嶈壇鐜?= 涓嶈壇 / 鍚勯」璐锋锛涗汉鍧囧噣鍒╂鼎 = 鍑€鍒╂鼎 / 浜烘暟銆?
娑堣垂鑰呯煡鎯呮潈鍖呮嫭锛堬級銆?
A. 閾惰鐭ヨ瘑
B. 瀹氫环鍏紡
C. 瀛樿捶娆惧埄鐜?
D. 椋庨櫓妯″瀷
E. 鎵嬬画璐规爣鍑?
绛旀锛欳E
鍚嶅笀瑙ｆ瀽锛?鐭ユ儏鏉冨惈鍒╃巼銆佽垂鐜囩瓑鏄庣‘鏀惰垂淇℃伅銆?
鏀粯缁撶畻鏂瑰紡鏈夛紙锛夈€?
A. 鐢靛瓙姹囧厬
B. 鎵樻敹
C. 缃戜笂鏀粯
D. 姹囩エ
E. 鏈エ
绛旀锛欰BCDE
鍚嶅笀瑙ｆ瀽锛?鍏ㄦ槸甯哥敤缁撶畻宸ュ叿銆?
涓嶈兘鏋勬垚鎸佹湁鍋囧竵缃殑鏈夛紙锛夈€?
A. 缁忕悊
B.14 宀佸鐢?
C. 鍛樺伐
D. 閾惰
E. 鍏徃
绛旀锛欱DE
鍚嶅笀瑙ｆ瀽锛?鏈姜闇€骞存弧 16 鍛ㄥ瞾鑷劧浜猴紝鍗曚綅涓嶆瀯缃€?
鍐呴儴璇勭骇涓ょ淮浣撶郴鏄紙锛夈€?
A. 鎿嶄綔椋庨櫓
B. 淇＄敤椋庨櫓
C. 鍊洪」璇勭骇
D. 瀹㈡埛璇勭骇
E. 甯傚満椋庨櫓
绛旀锛欳D
鍚嶅笀瑙ｆ瀽锛?瀹㈡埛璇勭骇锛堣繚绾︽鐜囷級+ 鍊洪」璇勭骇锛堣繚绾︽崯澶辩巼锛夈€?
閾惰鍙嫆缁濇鏌ョ殑鎯呭舰锛堬級銆?
A. 澶勭綒涓庤矗浠讳笉鍚屾椂鎵挎媴
B. 澶氫簬 2 浜?
C. 灏戜簬 2 浜?
D. 鏈绾?
E. 鏈嚭绀鸿瘉浠朵笌閫氱煡
绛旀锛欳E
鍚嶅笀瑙ｆ瀽锛?妫€鏌ュ皯浜?2 浜烘垨鏃犲悎娉曡瘉浠躲€侀€氱煡锛屽彲鎷掔粷銆?
璐у竵娴侀€氭墜娈电壒鐐癸紙锛夈€?
A. 瑙傚康璐у竵
B. 瓒冲€艰揣甯?
C. 鐜板疄璐у竵
D. 鏃犻渶瓒冲€?
E. 鍙敤绗﹀彿
绛旀锛欳DE
鍚嶅笀瑙ｆ瀽锛?娴侀€氭墜娈甸渶鐜板疄璐у竵锛屽彲鐢ㄤ环鍊肩鍙枫€?
閲戣瀺鍊哄埜璇存硶姝ｇ‘鐨勬湁锛堬級銆?
A. 绛规帾涓暱鏈熻祫閲?
B. 鐭湡璧勯噾
C. 琛ュ厖涓€绾ц祫鏈?
D. 鍊烘潈浜烘槸閲戣瀺鏈烘瀯
E. 鏀跨瓥鎬ч噾铻嶅€轰俊鐢ㄩ珮
绛旀锛欰E
鍚嶅笀瑙ｆ瀽锛?閲戣瀺鍊虹敤浜庝腑闀挎湡璧勯噾锛涙斂绛栨€у€轰俊鐢ㄩ珮銆?
姘戜簨瀹″垽鍒跺害锛堬級銆?
A. 鍥為伩
B. 鍏紑瀹″垽
C. 涓ゅ缁堝
D. 鍚堣
E. 闄
绛旀锛欰BCD
鍚嶅笀瑙ｆ瀽锛?鍚堣銆佸洖閬裤€佸叕寮€銆佷袱瀹＄粓瀹°€?
鎻愰珮璧勬湰鍏呰冻鐜囨柟娉曪紙锛夈€?
A. 鍙戞櫘閫氶噾铻嶅€?
B. 鎵╁ぇ璐锋
C. 鎻愰珮鍒╂鼎鐣欏瓨
D. 鍙戜紭鍏堣偂
E. 鍙戞櫘閫氳偂
绛旀锛欳DE
鍚嶅笀瑙ｆ瀽锛?澧炲姞鏍稿績涓€绾т笌鍏朵粬涓€绾ц祫鏈€?
鍟嗚鍚戝ぎ琛屽€熸褰㈠紡锛堬級銆?
A. 鍙戣偂绁?
B. 鍥炶喘
C. 鍙戦噾铻嶅€?
D. 鍐嶈捶娆?
E. 鍐嶈创鐜?
绛旀锛欴E
鍚嶅笀瑙ｆ瀽锛?鍐嶈捶娆俱€佸啀璐寸幇鏄晢琛屽悜澶铻嶈祫娓犻亾銆?
閾惰鐢熸伅璧勪骇鏈夛紙锛夈€?
A. 濮旀墭璐锋
B. 閫掑欢璧勪骇
C. 瀛樻斁澶
D. 瀹㈡埛璐锋
E. 瀛樻斁鍚屼笟
绛旀锛欳DE
鍚嶅笀瑙ｆ瀽锛?鐢熸伅璧勪骇鍚捶娆俱€佸瓨鏀惧悓涓氥€佸瓨鏀惧ぎ琛屻€佸€哄埜銆?
閾惰鐩戠琛ㄨ堪姝ｇ‘鐨勬湁锛堬級銆?
A. 鏂瑰紡涓嶆柇婕旇繘
B. 鍒嗗閮ㄧ洃绠°€佽嚜寰嬨€佸競鍦虹害鏉?
C. 澶栭儴鐩戠鏈€楂樺眰娆?
D. 鏈川鏄埗搴︾洃绠?
E. 鑷垜鐩戠闈犳不鐞嗐€佸唴鎺с€佸唴瀹?
绛旀锛欰BCDE
鍚嶅笀瑙ｆ瀽锛?鐩戠浣撶郴鍏ㄨ鐩栥€?
閾惰鍗″彂灞曡秼鍔匡紙锛夈€?
A. 鍦烘櫙鍖?
B. 閲戣瀺绉戞妧铻嶅悎
C. 鍙栫幇澧炲
D. 鍥犲瀹氫环
E. 鏃犲崱鏀粯
绛旀锛欰BDE
鍚嶅笀瑙ｆ瀽锛?瓒嬪娍锛氭暟瀛楀寲銆佸満鏅寲銆佸畾浠风簿缁嗗寲銆佺鎶€铻嶅悎銆?
鑲＄エ鍦哄甯傚満鍖呮嫭锛堬級銆?
A. 鍖哄煙鑲℃潈
B. 鏂颁笁鏉?
C. 鍒涗笟鏉?
D. 涓皬鏉?
E. 涓绘澘
绛旀锛欰B
鍚嶅笀瑙ｆ瀽锛?鍦哄锛氭柊涓夋澘銆佸尯鍩熻偂鏉冿紱鍦哄唴锛氫富鏉裤€佷腑灏忋€佸垱涓氥€?
淇℃墭涓庡鎵樺尯鍒紙锛夈€?
A. 鏈熼檺绋冲畾鎬?
B. 鎴愮珛鏉′欢
C. 璐骇鎵€鏈夋潈鍙樺寲
D. 鏉冮檺
E. 鍚嶄箟
绛旀锛欰BCDE
鍚嶅笀瑙ｆ瀽锛?浜旈」鍧囦负鍖哄埆鐐广€?
鍊烘潈浜哄彲鐢宠锛堬級銆?
A. 閲嶇粍
B. 鐮翠骇娓呯畻
C. 鍜岃В
D. 閲嶆暣
E. 寤舵湡杩樻
绛旀锛欱D
鍚嶅笀瑙ｆ瀽锛?鍊烘潈浜哄彲鐢宠閲嶆暣銆佺牬浜ф竻绠椼€?
浠庝笟浜哄憳搴旈伒瀹堬紙锛夈€?
A. 娉曞緥娉曡
B. 鑷緥瑙勮寖
C. 棰嗗涔犳儻
D. 鏈烘瀯瑙勭珷
E. 瀹㈡埛涔犳儻
绛旀锛欰BD
鍚嶅笀瑙ｆ瀽锛?瀹堟硶銆佸畧瑙勩€佸畧鍒跺害銆?
鏀跨瓥鎬ч噾铻嶅€哄彂琛屼富浣擄紙锛夈€?
A. 鍑哄彛淇′繚
B. 澶
C. 鍐滃彂琛?
D. 杩涘嚭鍙ｈ
E. 鍐滆
绛旀锛欳D
鍚嶅笀瑙ｆ瀽锛?鍥藉紑琛屻€佽繘鍑哄彛琛屻€佸啘鍙戣銆?
澶鐩存帴璐у竵鏀跨瓥宸ュ叿锛堬級銆?
A. 娴佸姩鎬ф瘮鐜?
B. 璇佸埜甯傚満淇＄敤鎺у埗
C. 鍒╃巼闄愬埗
D. 浼樻儬鍒╃巼
E. 鐩存帴骞查
绛旀锛欰CE
鍚嶅笀瑙ｆ瀽锛?鐩存帴宸ュ叿锛氬埄鐜囬檺鍒躲€佷俊鐢ㄩ厤棰濄€佺洿鎺ュ共棰勩€佹祦鍔ㄦ€ф瘮鐜囥€?
涓夈€佸垽鏂
銆婄エ鎹硶銆嬪缁存姢甯傚満绉╁簭鏈夐噸瑕佷綔鐢ㄣ€傦紙锛?
绛旀锛氭纭?
琛屾斂鏈哄叧瀵逛簨涓氬崟浣嶄汉浜嬪鎵逛笉閫傜敤銆婅鏀胯鍙硶銆嬨€傦紙锛?
绛旀锛氭纭?
鐩存帴鏍囦环娉曚笅澶栧竵鍥哄畾锛屾湰甯侀噾棰濋殢姹囩巼鍙樺姩銆傦紙锛?
绛旀锛氭纭?
椋庨櫓鐩戠鏄熀浜庨闄╄瘎浼扮殑鍔ㄦ€佺洃绠°€傦紙锛?
绛旀锛氭纭?
椋庨櫓绠＄悊鍙渶瑕嗙洊涓昏涓氬姟涓庢満鏋勩€傦紙锛?
绛旀锛氶敊璇?
鍚嶅笀瑙ｆ瀽锛?鍏ㄩ潰椋庨櫓绠＄悊蹇呴』鍏ㄨ鐩栥€?
璐﹂潰璧勬湰鏄摱琛屽疄闄呮嫢鏈夌殑璧勬湰銆傦紙锛?
绛旀锛氭纭?
鍟嗚缁忚惀寰堝皯鍙楃粡娴庡懆鏈熷奖鍝嶃€傦紙锛?
绛旀锛氶敊璇?
鍚嶅笀瑙ｆ瀽锛?閾惰鍙楃粡娴庡懆鏈熷奖鍝嶆瀬澶с€?
姘戜簨娉曞緥琛屼负鏄绔嬨€佸彉鏇淬€佺粓姝㈡皯浜嬫潈鍒╀箟鍔＄殑鍚堟硶琛屼负銆傦紙锛?
绛旀锛氭纭?
淇℃墭涓氬姟鏄俊鎵樺叕鍙镐互濮旀墭浜鸿韩浠藉紑灞曠殑銆傦紙锛?
绛旀锛氶敊璇?
鍚嶅笀瑙ｆ瀽锛?浠ュ彈鎵樹汉韬唤寮€灞曘€?
鍓嶅彴涓氬姟閮ㄩ棬鏄埄娑︿腑蹇冿紝搴旇€冩牳鍒╂鼎鎸囨爣銆傦紙锛?
绛旀锛氭纭
